// Jest Snapshot v1, https://goo.gl/fbAQLP

exports[`AdminActions should match snapshot 1`] = `
<div>
  <div
    class="actionItems"
  >
    <img
      alt="cant display"
      class="actionIcons"
      data-testid="editRow"
      src="editing.png"
    />
    <img
      alt="cant display"
      class="actionIcons"
      data-testid="deleteRow"
      src="delete.png"
    />
  </div>
</div>
`;
