// Jest Snapshot v1, https://goo.gl/fbAQLP

exports[`SearchAdmin should match snapshot 1`] = `
<div>
  <input
    data-testid="search"
    id="search"
    placeholder="Search by name, email or role"
    type="text"
  />
</div>
`;
